2026-03-10 19:55:40 - Iniciando deploy
=============================
Parando containers antigos...
Subindo containers atualizados...
Deploy concluído com sucesso!
CONTAINER ID   IMAGE                        COMMAND                  CREATED          STATUS                  PORTS                                         NAMES
8b51f90fc864   dcash-stack-market-service   "uvicorn app.main:ap…"   1 second ago     Up Less than a second   0.0.0.0:8000->8000/tcp, [::]:8000->8000/tcp   market-service
cd12de943225   redis:alpine                 "docker-entrypoint.s…"   17 seconds ago   Up Less than a second   6379/tcp                                      redis-dcash
94e1984c3892   dcash-stack-frontend-dcash   "docker-entrypoint.s…"   17 seconds ago   Up Less than a second   0.0.0.0:3000->3000/tcp, [::]:3000->3000/tcp   frontend-dcash
c85418fec18f   dcash-stack-backend-dcash    "docker-entrypoint.s…"   17 seconds ago   Up Less than a second   0.0.0.0:3001->3001/tcp, [::]:3001->3001/tcp   backend-dcash
378d48834b7e   postgres:15                  "docker-entrypoint.s…"   7 weeks ago      Up 4 days               0.0.0.0:5432->5432/tcp, [::]:5432->5432/tcp   postgres_db
2026-03-10 20:12:02 - Iniciando deploy
=============================
Parando containers antigos...
Subindo containers atualizados...
2026-03-10 20:15:43 - Iniciando deploy
=============================
Parando containers antigos...
2026-03-10 20:16:31 - Iniciando deploy
=============================
Parando containers antigos...
Subindo containers atualizados...
2026-03-10 20:21:37 - Iniciando deploy
=============================
Parando containers antigos...
Subindo containers atualizados...
2026-03-10 20:33:29 - Iniciando deploy
=============================
Parando containers antigos...
Subindo containers atualizados...
2026-03-10 20:37:31 - Iniciando deploy
=============================
Parando containers antigos...
Subindo containers atualizados...
2026-03-10 20:40:09 - Iniciando deploy
=============================
Parando containers antigos...
Subindo containers atualizados...
2026-03-11 11:24:30 - Iniciando deploy
=============================
Parando containers antigos...
Subindo containers atualizados...
2026-03-11 11:27:37 - Iniciando deploy
=============================
Parando containers antigos...
Subindo containers atualizados...
2026-03-11 11:34:47 - Iniciando deploy
=============================
Parando containers antigos...
Subindo containers atualizados...
2026-03-11 11:37:41 - Iniciando deploy
=============================
Parando containers antigos...
Subindo containers atualizados...
2026-03-11 11:50:41 - Iniciando deploy
=============================
2026-03-11 11:50:56 - Iniciando deploy
=============================
2026-03-11 11:52:15 - Iniciando deploy
=============================
Parando containers antigos...
Subindo containers atualizados...
2026-03-11 11:53:51 - Iniciando deploy
=============================
Parando containers antigos...
Subindo containers atualizados...
2026-03-11 11:59:00 - Iniciando deploy
=============================
Parando containers antigos...
Subindo containers atualizados...
2026-03-11 12:01:15 - Iniciando deploy
=============================
Parando containers antigos...
Subindo containers atualizados...
2026-03-11 12:05:42 - Iniciando deploy
=============================
Parando containers antigos...
Subindo containers atualizados...
Deploy concluído com sucesso!
CONTAINER ID   IMAGE                        COMMAND                  CREATED          STATUS                  PORTS                                         NAMES
9635a7b01606   redis:alpine                 "docker-entrypoint.s…"   19 seconds ago   Up Less than a second   6379/tcp                                      redis-dcash
fe37c25351ed   dcash-stack-frontend-dcash   "docker-entrypoint.s…"   20 seconds ago   Up Less than a second   0.0.0.0:3000->3000/tcp, [::]:3000->3000/tcp   frontend-dcash
7d1e91dd11b9   dcash-stack-backend-dcash    "docker-entrypoint.s…"   20 seconds ago   Up Less than a second   0.0.0.0:3001->3001/tcp, [::]:3001->3001/tcp   backend-dcash
378d48834b7e   postgres:15                  "docker-entrypoint.s…"   7 weeks ago      Up 4 days               0.0.0.0:5432->5432/tcp, [::]:5432->5432/tcp   postgres_db
